// Jest Snapshot v1, https://goo.gl/fbAQLP

exports[`Title Должен корректно отрендериться главный заголовок 1`] = `
<h1>
  Главный заголовок
</h1>
`;
